2026-07-28 09:15:14 [INFO] ticket_sync.webapp: 웹 UI에서 동기화 실행 요청: {'freshdesk_env': 'test', 'do_freshdesk': False, 'mode': 'today', 'start_date': None, 'end_date': None, 'date_basis': 'created', 'case_status': 'open'}
2026-07-28 09:15:21 [INFO] ticket_sync.crawler: 로그인 화면에서 'yr.choi@kt.com' 를 자동으로 클릭했습니다.
2026-07-28 09:15:23 [INFO] ticket_sync.crawler: 로그인 화면에서 'yr.choi@kt.com' 를 자동으로 클릭했습니다.
2026-07-28 09:15:24 [INFO] ticket_sync.crawler: 기존 세션으로 로그인 확인됨
2026-07-28 09:15:32 [INFO] ticket_sync.crawler: 상태 필터 적용: case_status=open (완료됨 체크=False)
2026-07-28 09:15:33 [INFO] ticket_sync.crawler: 케이스 목록 CSV 다운로드 완료: C:\Users\youre\Downloads\ticket_sync\data\downloads\SupportCases.csv
2026-07-28 09:15:33 [INFO] ticket_sync.crawler: CSV에서 총 75건 파싱됨 (날짜 필터 전, status=open)
2026-07-28 09:15:33 [INFO] ticket_sync.crawler: 날짜 필터(created_at 기준) 적용 후 0건 (상세 보강 대상, status=open)
2026-07-28 11:28:31 [INFO] ticket_sync.webapp: 웹 UI에서 동기화 실행 요청: {'freshdesk_env': 'test', 'do_freshdesk': False, 'mode': 'today', 'start_date': None, 'end_date': None, 'date_basis': 'created', 'case_status': 'open'}
2026-07-28 11:28:36 [INFO] ticket_sync.crawler: 로그인 화면에서 'yr.choi@kt.com' 를 자동으로 클릭했습니다.
2026-07-28 11:28:38 [INFO] ticket_sync.crawler: 로그인 화면에서 'yr.choi@kt.com' 를 자동으로 클릭했습니다.
2026-07-28 11:28:39 [INFO] ticket_sync.crawler: 기존 세션으로 로그인 확인됨
2026-07-28 11:28:48 [INFO] ticket_sync.crawler: 상태 필터 적용: case_status=open (완료됨 체크=False)
2026-07-28 11:28:48 [INFO] ticket_sync.crawler: 케이스 목록 CSV 다운로드 완료: C:\Users\youre\Downloads\ticket_sync\data\downloads\SupportCases.csv
2026-07-28 11:28:48 [INFO] ticket_sync.crawler: CSV에서 총 75건 파싱됨 (날짜 필터 전, status=open)
2026-07-28 11:28:48 [INFO] ticket_sync.crawler: 날짜 필터(created_at 기준) 적용 후 3건 (상세 보강 대상, status=open)
2026-07-28 11:29:22 [INFO] ticket_sync.crawler: 커뮤니케이션 '더 로드' 0회 클릭함(전체 수집).
2026-07-28 11:29:22 [INFO] ticket_sync.crawler: 커뮤니케이션 원본 행 1개 확인됨.
2026-07-28 11:29:34 [INFO] ticket_sync.crawler: 커뮤니케이션 1/1 수집 완료 (source=supportmail@techsupport.microsoft.com, updated=2026. 7. 28. 오전 11:09, 길이=1174자)
2026-07-28 11:29:39 [INFO] ticket_sync.crawler: 상세 보강 진행 1/3 완료 (case=2607280030000733)
2026-07-28 11:30:12 [INFO] ticket_sync.crawler: 커뮤니케이션 '더 로드' 0회 클릭함(전체 수집).
2026-07-28 11:30:13 [INFO] ticket_sync.crawler: 커뮤니케이션 원본 행 2개 확인됨.
2026-07-28 11:30:25 [INFO] ticket_sync.crawler: 커뮤니케이션 1/2 수집 완료 (source=supportmail@techsupport.microsoft.com, updated=2026. 7. 28. 오전 09:34, 길이=1213자)
2026-07-28 11:30:37 [INFO] ticket_sync.crawler: 커뮤니케이션 2/2 수집 완료 (source=supportmail@techsupport.microsoft.com, updated=2026. 7. 28. 오전 10:26, 길이=1976자)
2026-07-28 11:30:42 [INFO] ticket_sync.crawler: 상세 보강 진행 2/3 완료 (case=2607280030000143)
2026-07-28 11:31:15 [INFO] ticket_sync.crawler: 커뮤니케이션 '더 로드' 0회 클릭함(전체 수집).
2026-07-28 11:31:15 [INFO] ticket_sync.crawler: 커뮤니케이션 원본 행 2개 확인됨.
2026-07-28 11:31:27 [INFO] ticket_sync.crawler: 커뮤니케이션 1/2 수집 완료 (source=supportmail@techsupport.microsoft.com, updated=2026. 7. 28. 오전 09:33, 길이=1221자)
2026-07-28 11:31:40 [INFO] ticket_sync.crawler: 커뮤니케이션 2/2 수집 완료 (source=supportmail@techsupport.microsoft.com, updated=2026. 7. 28. 오전 11:05, 길이=1206자)
2026-07-28 11:31:44 [INFO] ticket_sync.crawler: 상세 보강 진행 3/3 완료 (case=2607280030000132)
2026-07-28 13:35:00 [INFO] ticket_sync.scheduler: 예약 실행 시작: {'id': 1, 'enabled': 1, 'run_time': '13:35', 'freshdesk_env': 'test', 'do_freshdesk': 0, 'mode': 'today', 'case_status': 'open', 'date_basis': 'created', 'updated_at': '2026-07-28T13:33:57', 'last_triggered_at': None}
2026-07-28 13:35:07 [INFO] ticket_sync.crawler: 로그인 화면에서 'yr.choi@kt.com' 를 자동으로 클릭했습니다.
2026-07-28 13:35:09 [INFO] ticket_sync.crawler: 로그인 화면에서 'yr.choi@kt.com' 를 자동으로 클릭했습니다.
2026-07-28 13:35:10 [INFO] ticket_sync.crawler: 기존 세션으로 로그인 확인됨
2026-07-28 13:35:19 [INFO] ticket_sync.crawler: 상태 필터 적용: case_status=open (완료됨 체크=False)
2026-07-28 13:35:20 [INFO] ticket_sync.crawler: 케이스 목록 CSV 다운로드 완료: C:\Users\youre\Downloads\ticket_sync\data\downloads\SupportCases.csv
2026-07-28 13:35:20 [INFO] ticket_sync.crawler: CSV에서 총 74건 파싱됨 (날짜 필터 전, status=open)
2026-07-28 13:35:20 [INFO] ticket_sync.crawler: 날짜 필터(created_at 기준) 적용 후 3건 (상세 보강 대상, status=open)
2026-07-28 13:35:54 [INFO] ticket_sync.crawler: 커뮤니케이션 '더 로드' 0회 클릭함(전체 수집).
2026-07-28 13:35:54 [INFO] ticket_sync.crawler: 커뮤니케이션 원본 행 3개 확인됨.
2026-07-28 13:36:07 [INFO] ticket_sync.crawler: 커뮤니케이션 1/3 수집 완료 (source=supportmail@techsupport.microsoft.com, updated=2026. 7. 28. 오전 11:09, 길이=1174자)
2026-07-28 13:36:19 [INFO] ticket_sync.crawler: 커뮤니케이션 2/3 수집 완료 (source=supportmail@techsupport.microsoft.com, updated=2026. 7. 28. 오전 11:58, 길이=3740자)
2026-07-28 13:36:31 [INFO] ticket_sync.crawler: 커뮤니케이션 3/3 수집 완료 (source=jonghyun.hong@kt.com, updated=2026. 7. 28. 오후 01:09, 길이=4608자)
2026-07-28 13:36:36 [INFO] ticket_sync.crawler: 상세 보강 진행 1/3 완료 (case=2607280030000733)
2026-07-28 13:37:10 [INFO] ticket_sync.crawler: 커뮤니케이션 '더 로드' 0회 클릭함(전체 수집).
2026-07-28 13:37:10 [INFO] ticket_sync.crawler: 커뮤니케이션 원본 행 3개 확인됨.
2026-07-28 13:37:22 [INFO] ticket_sync.crawler: 커뮤니케이션 1/3 수집 완료 (source=supportmail@techsupport.microsoft.com, updated=2026. 7. 28. 오전 09:34, 길이=1213자)
2026-07-28 13:37:34 [INFO] ticket_sync.crawler: 커뮤니케이션 2/3 수집 완료 (source=supportmail@techsupport.microsoft.com, updated=2026. 7. 28. 오전 10:26, 길이=1976자)
2026-07-28 13:37:47 [INFO] ticket_sync.crawler: 커뮤니케이션 3/3 수집 완료 (source=han_nim.lee@kt.com, updated=2026. 7. 28. 오후 01:26, 길이=4376자)
2026-07-28 13:37:51 [INFO] ticket_sync.crawler: 상세 보강 진행 2/3 완료 (case=2607280030000143)
2026-07-28 13:38:26 [INFO] ticket_sync.crawler: 커뮤니케이션 '더 로드' 0회 클릭함(전체 수집).
2026-07-28 13:38:26 [INFO] ticket_sync.crawler: 커뮤니케이션 원본 행 2개 확인됨.
2026-07-28 13:38:38 [INFO] ticket_sync.crawler: 커뮤니케이션 1/2 수집 완료 (source=supportmail@techsupport.microsoft.com, updated=2026. 7. 28. 오전 09:33, 길이=1221자)
2026-07-28 13:38:50 [INFO] ticket_sync.crawler: 커뮤니케이션 2/2 수집 완료 (source=supportmail@techsupport.microsoft.com, updated=2026. 7. 28. 오전 11:05, 길이=1206자)
2026-07-28 13:38:54 [INFO] ticket_sync.crawler: 상세 보강 진행 3/3 완료 (case=2607280030000132)
2026-07-28 13:38:55 [INFO] apscheduler.executors.default: Job "_run_scheduled_job (trigger: cron[hour='13', minute='35'], next run at: 2026-07-29 13:35:00 KST)" executed successfully
2026-07-28 13:46:00 [INFO] ticket_sync.scheduler: 예약 실행 시작: {'id': 1, 'enabled': 1, 'run_time': '13:46', 'freshdesk_env': 'test', 'do_freshdesk': 0, 'mode': 'today', 'case_status': 'open', 'date_basis': 'created', 'updated_at': '2026-07-28T13:44:13', 'last_triggered_at': '2026-07-28T13:38:55'}
2026-07-28 13:46:06 [INFO] ticket_sync.crawler: 로그인 화면에서 'yr.choi@kt.com' 를 자동으로 클릭했습니다.
2026-07-28 13:46:08 [INFO] ticket_sync.crawler: 기존 세션으로 로그인 확인됨
2026-07-28 13:46:15 [INFO] ticket_sync.crawler: 상태 필터 적용: case_status=open (완료됨 체크=False)
2026-07-28 13:46:15 [INFO] ticket_sync.crawler: 케이스 목록 CSV 다운로드 완료: C:\Users\youre\Downloads\ticket_sync\data\downloads\SupportCases.csv
2026-07-28 13:46:15 [INFO] ticket_sync.crawler: CSV에서 총 74건 파싱됨 (날짜 필터 전, status=open)
2026-07-28 13:46:15 [INFO] ticket_sync.crawler: 날짜 필터(created_at 기준) 적용 후 3건 (상세 보강 대상, status=open)
2026-07-28 13:46:49 [INFO] ticket_sync.crawler: 커뮤니케이션 '더 로드' 0회 클릭함(전체 수집).
2026-07-28 13:46:49 [INFO] ticket_sync.crawler: 커뮤니케이션 원본 행 3개 확인됨.
2026-07-28 13:47:02 [INFO] ticket_sync.crawler: 커뮤니케이션 1/3 수집 완료 (source=supportmail@techsupport.microsoft.com, updated=2026. 7. 28. 오전 11:09, 길이=4580자)
2026-07-28 13:47:14 [INFO] ticket_sync.crawler: 커뮤니케이션 2/3 수집 완료 (source=supportmail@techsupport.microsoft.com, updated=2026. 7. 28. 오전 11:58, 길이=3785자)
2026-07-28 13:47:21 [WARNING] ticket_sync.crawler: 커뮤니케이션 3/3 수집 중 예기치 못한 오류로 중단합니다: Target page, context or browser has been closed
Traceback (most recent call last):
  File "C:\Users\youre\Downloads\ticket_sync\crawler.py", line 899, in collect_all_communications
    page.wait_for_load_state("networkidle", timeout=10000)
  File "C:\Users\youre\Downloads\ticket_sync\.venv\Lib\site-packages\playwright\sync_api\_generated.py", line 9875, in wait_for_load_state
    self._sync(
  File "C:\Users\youre\Downloads\ticket_sync\.venv\Lib\site-packages\playwright\_impl\_sync_base.py", line 115, in _sync
    return task.result()
           ^^^^^^^^^^^^^
  File "C:\Users\youre\Downloads\ticket_sync\.venv\Lib\site-packages\playwright\_impl\_page.py", line 580, in wait_for_load_state
    return await self._main_frame.wait_for_load_state(**locals_to_params(locals()))
           ^^^^^^^^^^^^^^^^^^^^^^^^^^^^^^^^^^^^^^^^^^^^^^^^^^^^^^^^^^^^^^^^^^^^^^^^
  File "C:\Users\youre\Downloads\ticket_sync\.venv\Lib\site-packages\playwright\_impl\_frame.py", line 298, in wait_for_load_state
    return await self._wait_for_load_state_impl(state, timeout)
           ^^^^^^^^^^^^^^^^^^^^^^^^^^^^^^^^^^^^^^^^^^^^^^^^^^^^
  File "C:\Users\youre\Downloads\ticket_sync\.venv\Lib\site-packages\playwright\_impl\_frame.py", line 326, in _wait_for_load_state_impl
    await waiter.result()
playwright._impl._errors.Error: Target page, context or browser has been closed
2026-07-28 13:47:27 [INFO] ticket_sync.crawler: 상세 보강 진행 1/3 완료 (case=2607280030000733)
2026-07-28 13:47:27 [WARNING] ticket_sync.crawler: 상세 보강 중 오류: Page.wait_for_timeout: Target page, context or browser has been closed
Traceback (most recent call last):
  File "C:\Users\youre\Downloads\ticket_sync\crawler.py", line 1103, in _collect_for_single_status
    filtered[i - 1] = enrich_ticket_from_detail_page(page, t, config, do_freshdesk)
                      ^^^^^^^^^^^^^^^^^^^^^^^^^^^^^^^^^^^^^^^^^^^^^^^^^^^^^^^^^^^^^
  File "C:\Users\youre\Downloads\ticket_sync\crawler.py", line 973, in enrich_ticket_from_detail_page
    if not _click_case_row_by_title(page, title, timeout_ms):
           ^^^^^^^^^^^^^^^^^^^^^^^^^^^^^^^^^^^^^^^^^^^^^^^^^
  File "C:\Users\youre\Downloads\ticket_sync\crawler.py", line 696, in _click_case_row_by_title
    link = _find_locator_in_frames(page, title, exact=True, timeout_ms=timeout_ms)
           ^^^^^^^^^^^^^^^^^^^^^^^^^^^^^^^^^^^^^^^^^^^^^^^^^^^^^^^^^^^^^^^^^^^^^^^
  File "C:\Users\youre\Downloads\ticket_sync\crawler.py", line 115, in _find_locator_in_frames
    _, loc = _find_in_frames_with_frame(page, text, exact=exact, timeout_ms=timeout_ms)
             ^^^^^^^^^^^^^^^^^^^^^^^^^^^^^^^^^^^^^^^^^^^^^^^^^^^^^^^^^^^^^^^^^^^^^^^^^^
  File "C:\Users\youre\Downloads\ticket_sync\crawler.py", line 110, in _find_in_frames_with_frame
    page.wait_for_timeout(300)
  File "C:\Users\youre\Downloads\ticket_sync\.venv\Lib\site-packages\playwright\sync_api\_generated.py", line 12529, in wait_for_timeout
    self._sync(
  File "C:\Users\youre\Downloads\ticket_sync\.venv\Lib\site-packages\playwright\_impl\_sync_base.py", line 115, in _sync
    return task.result()
           ^^^^^^^^^^^^^
  File "C:\Users\youre\Downloads\ticket_sync\.venv\Lib\site-packages\playwright\_impl\_page.py", line 1135, in wait_for_timeout
    await self._main_frame.wait_for_timeout(timeout)
  File "C:\Users\youre\Downloads\ticket_sync\.venv\Lib\site-packages\playwright\_impl\_frame.py", line 916, in wait_for_timeout
    await self._channel.send("waitForTimeout", None, {"waitTimeout": timeout})
  File "C:\Users\youre\Downloads\ticket_sync\.venv\Lib\site-packages\playwright\_impl\_connection.py", line 69, in send
    return await self._connection.wrap_api_call(
           ^^^^^^^^^^^^^^^^^^^^^^^^^^^^^^^^^^^^^
  File "C:\Users\youre\Downloads\ticket_sync\.venv\Lib\site-packages\playwright\_impl\_connection.py", line 563, in wrap_api_call
    raise rewrite_error(error, f"{parsed_st['apiName']}: {error}") from None
playwright._impl._errors.TargetClosedError: Page.wait_for_timeout: Target page, context or browser has been closed
2026-07-28 13:47:27 [WARNING] ticket_sync.crawler: 상세 보강 중 오류: Page.wait_for_timeout: Target page, context or browser has been closed
Traceback (most recent call last):
  File "C:\Users\youre\Downloads\ticket_sync\crawler.py", line 1103, in _collect_for_single_status
    filtered[i - 1] = enrich_ticket_from_detail_page(page, t, config, do_freshdesk)
                      ^^^^^^^^^^^^^^^^^^^^^^^^^^^^^^^^^^^^^^^^^^^^^^^^^^^^^^^^^^^^^
  File "C:\Users\youre\Downloads\ticket_sync\crawler.py", line 973, in enrich_ticket_from_detail_page
    if not _click_case_row_by_title(page, title, timeout_ms):
           ^^^^^^^^^^^^^^^^^^^^^^^^^^^^^^^^^^^^^^^^^^^^^^^^^
  File "C:\Users\youre\Downloads\ticket_sync\crawler.py", line 696, in _click_case_row_by_title
    link = _find_locator_in_frames(page, title, exact=True, timeout_ms=timeout_ms)
           ^^^^^^^^^^^^^^^^^^^^^^^^^^^^^^^^^^^^^^^^^^^^^^^^^^^^^^^^^^^^^^^^^^^^^^^
  File "C:\Users\youre\Downloads\ticket_sync\crawler.py", line 115, in _find_locator_in_frames
    _, loc = _find_in_frames_with_frame(page, text, exact=exact, timeout_ms=timeout_ms)
             ^^^^^^^^^^^^^^^^^^^^^^^^^^^^^^^^^^^^^^^^^^^^^^^^^^^^^^^^^^^^^^^^^^^^^^^^^^
  File "C:\Users\youre\Downloads\ticket_sync\crawler.py", line 110, in _find_in_frames_with_frame
    page.wait_for_timeout(300)
  File "C:\Users\youre\Downloads\ticket_sync\.venv\Lib\site-packages\playwright\sync_api\_generated.py", line 12529, in wait_for_timeout
    self._sync(
  File "C:\Users\youre\Downloads\ticket_sync\.venv\Lib\site-packages\playwright\_impl\_sync_base.py", line 115, in _sync
    return task.result()
           ^^^^^^^^^^^^^
  File "C:\Users\youre\Downloads\ticket_sync\.venv\Lib\site-packages\playwright\_impl\_page.py", line 1135, in wait_for_timeout
    await self._main_frame.wait_for_timeout(timeout)
  File "C:\Users\youre\Downloads\ticket_sync\.venv\Lib\site-packages\playwright\_impl\_frame.py", line 916, in wait_for_timeout
    await self._channel.send("waitForTimeout", None, {"waitTimeout": timeout})
  File "C:\Users\youre\Downloads\ticket_sync\.venv\Lib\site-packages\playwright\_impl\_connection.py", line 69, in send
    return await self._connection.wrap_api_call(
           ^^^^^^^^^^^^^^^^^^^^^^^^^^^^^^^^^^^^^
  File "C:\Users\youre\Downloads\ticket_sync\.venv\Lib\site-packages\playwright\_impl\_connection.py", line 563, in wrap_api_call
    raise rewrite_error(error, f"{parsed_st['apiName']}: {error}") from None
playwright._impl._errors.TargetClosedError: Page.wait_for_timeout: Target page, context or browser has been closed
2026-07-28 13:47:27 [INFO] apscheduler.executors.default: Job "_run_scheduled_job (trigger: cron[hour='13', minute='46'], next run at: 2026-07-29 13:46:00 KST)" executed successfully
2026-07-28 13:48:55 [INFO] apscheduler.scheduler: Removed job daily-sync
2026-07-28 13:48:55 [INFO] ticket_sync.scheduler: 예약 실행이 꺼져 있어 스케줄을 등록하지 않습니다.
2026-07-28 05:22:45 [INFO] ticket_sync.webapp: 웹 UI에서 동기화 실행 요청: {'freshdesk_env': 'test', 'do_freshdesk': False, 'mode': 'today', 'start_date': None, 'end_date': None, 'date_basis': 'created', 'case_status': 'open'}
2026-07-28 05:22:47 [ERROR] ticket_sync.main: 티켓 수집 중 오류가 발생했습니다
Traceback (most recent call last):
  File "/app/main.py", line 233, in run_sync
    all_tickets, crawl_warnings = crawler.collect_tickets(
                                  ^^^^^^^^^^^^^^^^^^^^^^^^
  File "/app/crawler.py", line 1136, in collect_tickets
    ensure_logged_in(page, config)
  File "/app/crawler.py", line 258, in ensure_logged_in
    page.goto(config.ms_account.case_management_url, wait_until="domcontentloaded")
  File "/usr/local/lib/python3.12/site-packages/playwright/sync_api/_generated.py", line 9770, in goto
    self._sync(
  File "/usr/local/lib/python3.12/site-packages/playwright/_impl/_sync_base.py", line 115, in _sync
    return task.result()
           ^^^^^^^^^^^^^
  File "/usr/local/lib/python3.12/site-packages/playwright/_impl/_page.py", line 560, in goto
    return await self._main_frame.goto(**locals_to_params(locals()))
           ^^^^^^^^^^^^^^^^^^^^^^^^^^^^^^^^^^^^^^^^^^^^^^^^^^^^^^^^^
  File "/usr/local/lib/python3.12/site-packages/playwright/_impl/_frame.py", line 156, in goto
    await self._channel.send(
  File "/usr/local/lib/python3.12/site-packages/playwright/_impl/_connection.py", line 69, in send
    return await self._connection.wrap_api_call(
           ^^^^^^^^^^^^^^^^^^^^^^^^^^^^^^^^^^^^^
  File "/usr/local/lib/python3.12/site-packages/playwright/_impl/_connection.py", line 563, in wrap_api_call
    raise rewrite_error(error, f"{parsed_st['apiName']}: {error}") from None
playwright._impl._errors.Error: Page.goto: net::ERR_CERT_AUTHORITY_INVALID at https://engagecenter.microsoft.com/#view/Microsoft_AzureCXP_EngageHub/EngageHubMenu.MenuView/~/manageCases
Call log:
  - navigating to "https://engagecenter.microsoft.com/#view/Microsoft_AzureCXP_EngageHub/EngageHubMenu.MenuView/~/manageCases", waiting until "domcontentloaded"

2026-07-28 05:28:40 [INFO] ticket_sync.webapp: 웹 UI에서 동기화 실행 요청: {'freshdesk_env': 'test', 'do_freshdesk': False, 'mode': 'today', 'start_date': None, 'end_date': None, 'date_basis': 'created', 'case_status': 'open'}
2026-07-28 05:28:42 [ERROR] ticket_sync.main: 티켓 수집 중 오류가 발생했습니다
Traceback (most recent call last):
  File "/app/main.py", line 233, in run_sync
    all_tickets, crawl_warnings = crawler.collect_tickets(
                                  ^^^^^^^^^^^^^^^^^^^^^^^^
  File "/app/crawler.py", line 1136, in collect_tickets
    ensure_logged_in(page, config)
  File "/app/crawler.py", line 258, in ensure_logged_in
    page.goto(config.ms_account.case_management_url, wait_until="domcontentloaded")
  File "/usr/local/lib/python3.12/site-packages/playwright/sync_api/_generated.py", line 9770, in goto
    self._sync(
  File "/usr/local/lib/python3.12/site-packages/playwright/_impl/_sync_base.py", line 115, in _sync
    return task.result()
           ^^^^^^^^^^^^^
  File "/usr/local/lib/python3.12/site-packages/playwright/_impl/_page.py", line 560, in goto
    return await self._main_frame.goto(**locals_to_params(locals()))
           ^^^^^^^^^^^^^^^^^^^^^^^^^^^^^^^^^^^^^^^^^^^^^^^^^^^^^^^^^
  File "/usr/local/lib/python3.12/site-packages/playwright/_impl/_frame.py", line 156, in goto
    await self._channel.send(
  File "/usr/local/lib/python3.12/site-packages/playwright/_impl/_connection.py", line 69, in send
    return await self._connection.wrap_api_call(
           ^^^^^^^^^^^^^^^^^^^^^^^^^^^^^^^^^^^^^
  File "/usr/local/lib/python3.12/site-packages/playwright/_impl/_connection.py", line 563, in wrap_api_call
    raise rewrite_error(error, f"{parsed_st['apiName']}: {error}") from None
playwright._impl._errors.Error: Page.goto: net::ERR_CERT_AUTHORITY_INVALID at https://engagecenter.microsoft.com/#view/Microsoft_AzureCXP_EngageHub/EngageHubMenu.MenuView/~/manageCases
Call log:
  - navigating to "https://engagecenter.microsoft.com/#view/Microsoft_AzureCXP_EngageHub/EngageHubMenu.MenuView/~/manageCases", waiting until "domcontentloaded"

2026-07-28 14:53:06 [INFO] ticket_sync.webapp: 웹 UI에서 동기화 실행 요청: {'freshdesk_env': 'test', 'do_freshdesk': False, 'mode': 'today', 'start_date': None, 'end_date': None, 'date_basis': 'created', 'case_status': 'open'}
2026-07-28 14:53:10 [INFO] ticket_sync.crawler: 로그인 화면에서 'Next' 를 자동으로 클릭했습니다.
2026-07-28 14:53:12 [INFO] ticket_sync.crawler: 로그인 화면에서 'Next' 를 자동으로 클릭했습니다.
2026-07-28 14:53:14 [INFO] ticket_sync.crawler: 로그인 화면에서 'Next' 를 자동으로 클릭했습니다.
2026-07-28 14:53:15 [INFO] ticket_sync.crawler: 로그인 화면에서 'Next' 를 자동으로 클릭했습니다.
2026-07-28 14:53:16 [WARNING] ticket_sync.crawler: 로그인 세션이 없거나 만료된 것으로 보입니다. 계정 선택/로그인 상태 유지 확인처럼 비밀번호 없이 넘어갈 수 있는 화면은 자동으로 눌러드리며, 비밀번호나 MFA가 필요하면 브라우저 창에서 직접 완료해주세요. 최대 300초 대기합니다.
2026-07-28 14:53:16 [INFO] ticket_sync.crawler: 로그인 화면에서 'Next' 를 자동으로 클릭했습니다.
2026-07-28 14:53:18 [INFO] ticket_sync.crawler: 로그인 화면에서 'Next' 를 자동으로 클릭했습니다.
2026-07-28 14:53:19 [INFO] ticket_sync.crawler: 로그인 화면에서 'Next' 를 자동으로 클릭했습니다.
2026-07-28 14:53:21 [INFO] ticket_sync.crawler: 로그인 화면에서 'Next' 를 자동으로 클릭했습니다.
2026-07-28 14:53:23 [INFO] ticket_sync.crawler: 로그인 화면에서 'Next' 를 자동으로 클릭했습니다.
2026-07-28 14:53:24 [INFO] ticket_sync.crawler: 로그인 화면에서 'Next' 를 자동으로 클릭했습니다.
2026-07-28 14:53:26 [INFO] ticket_sync.crawler: 로그인 화면에서 'Next' 를 자동으로 클릭했습니다.
2026-07-28 14:53:27 [INFO] ticket_sync.crawler: 로그인 화면에서 'Next' 를 자동으로 클릭했습니다.
2026-07-28 14:53:29 [INFO] ticket_sync.crawler: 로그인 화면에서 'Next' 를 자동으로 클릭했습니다.
2026-07-28 14:53:31 [INFO] ticket_sync.crawler: 로그인 화면에서 'Next' 를 자동으로 클릭했습니다.
2026-07-28 14:53:32 [INFO] ticket_sync.crawler: 로그인 화면에서 'Next' 를 자동으로 클릭했습니다.
2026-07-28 14:53:34 [INFO] ticket_sync.crawler: 로그인 화면에서 'Next' 를 자동으로 클릭했습니다.
2026-07-28 14:53:36 [INFO] ticket_sync.crawler: 로그인 화면에서 'Next' 를 자동으로 클릭했습니다.
2026-07-28 14:53:37 [INFO] ticket_sync.crawler: 로그인 화면에서 'Next' 를 자동으로 클릭했습니다.
2026-07-28 14:53:39 [INFO] ticket_sync.crawler: 로그인 화면에서 'Next' 를 자동으로 클릭했습니다.
2026-07-28 14:53:41 [INFO] ticket_sync.crawler: 로그인 화면에서 'Next' 를 자동으로 클릭했습니다.
2026-07-28 14:53:42 [INFO] ticket_sync.crawler: 로그인 화면에서 'Next' 를 자동으로 클릭했습니다.
2026-07-28 14:53:44 [INFO] ticket_sync.crawler: 로그인 화면에서 'Next' 를 자동으로 클릭했습니다.
2026-07-28 14:53:46 [INFO] ticket_sync.crawler: 로그인 화면에서 'Next' 를 자동으로 클릭했습니다.
2026-07-28 14:53:47 [INFO] ticket_sync.crawler: 로그인 화면에서 'Next' 를 자동으로 클릭했습니다.
2026-07-28 14:53:49 [INFO] ticket_sync.crawler: 로그인 화면에서 'Next' 를 자동으로 클릭했습니다.
2026-07-28 14:53:51 [INFO] ticket_sync.crawler: 로그인 화면에서 'Next' 를 자동으로 클릭했습니다.
2026-07-28 14:53:52 [INFO] ticket_sync.crawler: 로그인 화면에서 'Next' 를 자동으로 클릭했습니다.
2026-07-28 14:53:54 [INFO] ticket_sync.crawler: 로그인 화면에서 'Next' 를 자동으로 클릭했습니다.
2026-07-28 14:53:56 [INFO] ticket_sync.crawler: 로그인 화면에서 'Next' 를 자동으로 클릭했습니다.
2026-07-28 14:53:57 [INFO] ticket_sync.crawler: 로그인 화면에서 'Next' 를 자동으로 클릭했습니다.
2026-07-28 14:53:59 [INFO] ticket_sync.crawler: 로그인 화면에서 'Next' 를 자동으로 클릭했습니다.
2026-07-28 14:54:01 [INFO] ticket_sync.crawler: 로그인 화면에서 'Next' 를 자동으로 클릭했습니다.
2026-07-28 14:54:02 [INFO] ticket_sync.crawler: 로그인 화면에서 'Next' 를 자동으로 클릭했습니다.
2026-07-28 14:54:04 [INFO] ticket_sync.crawler: 로그인 화면에서 'Next' 를 자동으로 클릭했습니다.
2026-07-28 14:54:05 [INFO] ticket_sync.crawler: 로그인 화면에서 'Next' 를 자동으로 클릭했습니다.
2026-07-28 14:54:07 [INFO] ticket_sync.crawler: 로그인 화면에서 'Next' 를 자동으로 클릭했습니다.
2026-07-28 14:54:09 [INFO] ticket_sync.crawler: 로그인 화면에서 'Next' 를 자동으로 클릭했습니다.
2026-07-28 14:54:10 [INFO] ticket_sync.crawler: 로그인 화면에서 'Next' 를 자동으로 클릭했습니다.
2026-07-28 14:54:12 [INFO] ticket_sync.crawler: 로그인 화면에서 'Next' 를 자동으로 클릭했습니다.
2026-07-28 14:54:14 [INFO] ticket_sync.crawler: 로그인 화면에서 'Next' 를 자동으로 클릭했습니다.
2026-07-28 14:54:15 [INFO] ticket_sync.crawler: 로그인 화면에서 'Next' 를 자동으로 클릭했습니다.
2026-07-28 14:54:17 [INFO] ticket_sync.crawler: 로그인 화면에서 'Next' 를 자동으로 클릭했습니다.
2026-07-28 14:54:19 [INFO] ticket_sync.crawler: 로그인 화면에서 'Next' 를 자동으로 클릭했습니다.
2026-07-28 14:54:20 [INFO] ticket_sync.crawler: 로그인 화면에서 'Next' 를 자동으로 클릭했습니다.
2026-07-28 14:54:22 [INFO] ticket_sync.crawler: 로그인 화면에서 'Next' 를 자동으로 클릭했습니다.
2026-07-28 14:54:24 [INFO] ticket_sync.crawler: 로그인 화면에서 'Next' 를 자동으로 클릭했습니다.
2026-07-28 14:54:25 [INFO] ticket_sync.crawler: 로그인 화면에서 'Next' 를 자동으로 클릭했습니다.
2026-07-28 14:54:27 [INFO] ticket_sync.crawler: 로그인 화면에서 'Next' 를 자동으로 클릭했습니다.
2026-07-28 14:54:29 [INFO] ticket_sync.crawler: 로그인 화면에서 'Next' 를 자동으로 클릭했습니다.
2026-07-28 14:54:30 [INFO] ticket_sync.crawler: 로그인 화면에서 'Next' 를 자동으로 클릭했습니다.
2026-07-28 14:54:32 [INFO] ticket_sync.crawler: 로그인 화면에서 'Next' 를 자동으로 클릭했습니다.
2026-07-28 14:54:34 [INFO] ticket_sync.crawler: 로그인 화면에서 'Next' 를 자동으로 클릭했습니다.
2026-07-28 14:54:35 [INFO] ticket_sync.crawler: 로그인 화면에서 'Next' 를 자동으로 클릭했습니다.
2026-07-28 14:54:37 [INFO] ticket_sync.crawler: 로그인 화면에서 'Next' 를 자동으로 클릭했습니다.
2026-07-28 14:54:38 [INFO] ticket_sync.crawler: 로그인 화면에서 'Next' 를 자동으로 클릭했습니다.
2026-07-28 14:54:40 [INFO] ticket_sync.crawler: 로그인 화면에서 'Next' 를 자동으로 클릭했습니다.
2026-07-28 14:54:42 [INFO] ticket_sync.crawler: 로그인 화면에서 'Next' 를 자동으로 클릭했습니다.
2026-07-28 14:54:43 [INFO] ticket_sync.crawler: 로그인 화면에서 'Next' 를 자동으로 클릭했습니다.
2026-07-28 14:54:45 [INFO] ticket_sync.crawler: 로그인 화면에서 'Next' 를 자동으로 클릭했습니다.
2026-07-28 14:54:47 [INFO] ticket_sync.crawler: 로그인 화면에서 'Next' 를 자동으로 클릭했습니다.
2026-07-28 14:54:48 [INFO] ticket_sync.crawler: 로그인 화면에서 'Next' 를 자동으로 클릭했습니다.
2026-07-28 14:54:50 [INFO] ticket_sync.crawler: 로그인 화면에서 'Next' 를 자동으로 클릭했습니다.
2026-07-28 14:54:52 [INFO] ticket_sync.crawler: 로그인 화면에서 'Next' 를 자동으로 클릭했습니다.
2026-07-28 14:54:53 [INFO] ticket_sync.crawler: 로그인 화면에서 'Next' 를 자동으로 클릭했습니다.
2026-07-28 14:54:55 [INFO] ticket_sync.crawler: 로그인 화면에서 'Next' 를 자동으로 클릭했습니다.
2026-07-28 14:54:56 [INFO] ticket_sync.crawler: 로그인 화면에서 'Next' 를 자동으로 클릭했습니다.
2026-07-28 14:54:58 [INFO] ticket_sync.crawler: 로그인 화면에서 'Next' 를 자동으로 클릭했습니다.
2026-07-28 14:55:00 [INFO] ticket_sync.crawler: 로그인 화면에서 'Next' 를 자동으로 클릭했습니다.
2026-07-28 14:55:01 [INFO] ticket_sync.crawler: 로그인 화면에서 'Next' 를 자동으로 클릭했습니다.
2026-07-28 14:55:03 [INFO] ticket_sync.crawler: 로그인 화면에서 'Next' 를 자동으로 클릭했습니다.
2026-07-28 14:55:05 [INFO] ticket_sync.crawler: 로그인 화면에서 'Next' 를 자동으로 클릭했습니다.
2026-07-28 14:55:06 [INFO] ticket_sync.crawler: 로그인 화면에서 'Next' 를 자동으로 클릭했습니다.
2026-07-28 14:55:08 [INFO] ticket_sync.crawler: 로그인 화면에서 'Next' 를 자동으로 클릭했습니다.
2026-07-28 14:55:10 [INFO] ticket_sync.crawler: 로그인 화면에서 'Next' 를 자동으로 클릭했습니다.
2026-07-28 14:55:11 [INFO] ticket_sync.crawler: 로그인 화면에서 'Next' 를 자동으로 클릭했습니다.
2026-07-28 14:55:13 [INFO] ticket_sync.crawler: 로그인 화면에서 'Next' 를 자동으로 클릭했습니다.
2026-07-28 14:55:15 [INFO] ticket_sync.crawler: 로그인 화면에서 'Next' 를 자동으로 클릭했습니다.
2026-07-28 14:55:16 [INFO] ticket_sync.crawler: 로그인 화면에서 'Next' 를 자동으로 클릭했습니다.
2026-07-28 14:55:18 [INFO] ticket_sync.crawler: 로그인 화면에서 'Next' 를 자동으로 클릭했습니다.
2026-07-28 14:55:20 [INFO] ticket_sync.crawler: 로그인 화면에서 'Next' 를 자동으로 클릭했습니다.
2026-07-28 14:55:21 [INFO] ticket_sync.crawler: 로그인 화면에서 'Next' 를 자동으로 클릭했습니다.
2026-07-28 14:55:23 [INFO] ticket_sync.crawler: 로그인 화면에서 'Next' 를 자동으로 클릭했습니다.
2026-07-28 14:55:24 [INFO] ticket_sync.crawler: 로그인 화면에서 'Next' 를 자동으로 클릭했습니다.
2026-07-28 14:55:26 [INFO] ticket_sync.crawler: 로그인 화면에서 'Next' 를 자동으로 클릭했습니다.
2026-07-28 14:55:28 [INFO] ticket_sync.crawler: 로그인 화면에서 'Next' 를 자동으로 클릭했습니다.
2026-07-28 14:55:29 [INFO] ticket_sync.crawler: 로그인 화면에서 'Next' 를 자동으로 클릭했습니다.
2026-07-28 14:55:31 [INFO] ticket_sync.crawler: 로그인 화면에서 'Next' 를 자동으로 클릭했습니다.
2026-07-28 14:55:33 [INFO] ticket_sync.crawler: 로그인 화면에서 'Next' 를 자동으로 클릭했습니다.
2026-07-28 14:55:34 [INFO] ticket_sync.crawler: 로그인 화면에서 'Next' 를 자동으로 클릭했습니다.
2026-07-28 14:55:36 [INFO] ticket_sync.crawler: 로그인 화면에서 'Next' 를 자동으로 클릭했습니다.
2026-07-28 14:55:38 [INFO] ticket_sync.crawler: 로그인 화면에서 'Next' 를 자동으로 클릭했습니다.
2026-07-28 14:55:39 [INFO] ticket_sync.crawler: 로그인 화면에서 'Next' 를 자동으로 클릭했습니다.
2026-07-28 14:55:41 [INFO] ticket_sync.crawler: 로그인 화면에서 'Next' 를 자동으로 클릭했습니다.
2026-07-28 14:55:43 [INFO] ticket_sync.crawler: 로그인 화면에서 'Next' 를 자동으로 클릭했습니다.
2026-07-28 14:55:44 [INFO] ticket_sync.crawler: 로그인 화면에서 'Next' 를 자동으로 클릭했습니다.
2026-07-28 14:55:46 [INFO] ticket_sync.crawler: 로그인 화면에서 'Next' 를 자동으로 클릭했습니다.
2026-07-28 14:55:48 [INFO] ticket_sync.crawler: 로그인 화면에서 'Next' 를 자동으로 클릭했습니다.
2026-07-28 14:55:49 [INFO] ticket_sync.crawler: 로그인 화면에서 'Next' 를 자동으로 클릭했습니다.
2026-07-28 14:55:51 [INFO] ticket_sync.crawler: 로그인 화면에서 'Next' 를 자동으로 클릭했습니다.
2026-07-28 14:55:53 [INFO] ticket_sync.crawler: 로그인 화면에서 'Next' 를 자동으로 클릭했습니다.
2026-07-28 14:55:54 [INFO] ticket_sync.crawler: 로그인 화면에서 'Next' 를 자동으로 클릭했습니다.
2026-07-28 14:55:56 [INFO] ticket_sync.crawler: 로그인 화면에서 'Next' 를 자동으로 클릭했습니다.
2026-07-28 14:55:57 [INFO] ticket_sync.crawler: 로그인 화면에서 'Next' 를 자동으로 클릭했습니다.
2026-07-28 14:55:59 [INFO] ticket_sync.crawler: 로그인 화면에서 'Next' 를 자동으로 클릭했습니다.
2026-07-28 14:56:01 [INFO] ticket_sync.crawler: 로그인 화면에서 'Next' 를 자동으로 클릭했습니다.
2026-07-28 14:56:02 [INFO] ticket_sync.crawler: 로그인 화면에서 'Next' 를 자동으로 클릭했습니다.
2026-07-28 14:56:04 [INFO] ticket_sync.crawler: 로그인 화면에서 'Next' 를 자동으로 클릭했습니다.
2026-07-28 14:56:06 [INFO] ticket_sync.crawler: 로그인 화면에서 'Next' 를 자동으로 클릭했습니다.
2026-07-28 14:56:07 [INFO] ticket_sync.crawler: 로그인 화면에서 'Next' 를 자동으로 클릭했습니다.
2026-07-28 14:56:09 [INFO] ticket_sync.crawler: 로그인 화면에서 'Next' 를 자동으로 클릭했습니다.
2026-07-28 14:56:11 [INFO] ticket_sync.crawler: 로그인 화면에서 'Next' 를 자동으로 클릭했습니다.
2026-07-28 14:56:12 [INFO] ticket_sync.crawler: 로그인 화면에서 'Next' 를 자동으로 클릭했습니다.
2026-07-28 14:56:14 [INFO] ticket_sync.crawler: 로그인 화면에서 'Next' 를 자동으로 클릭했습니다.
2026-07-28 14:56:16 [INFO] ticket_sync.crawler: 로그인 화면에서 'Next' 를 자동으로 클릭했습니다.
2026-07-28 14:56:17 [INFO] ticket_sync.crawler: 로그인 화면에서 'Next' 를 자동으로 클릭했습니다.
2026-07-28 14:56:19 [INFO] ticket_sync.crawler: 로그인 화면에서 'Next' 를 자동으로 클릭했습니다.
2026-07-28 14:56:20 [INFO] ticket_sync.crawler: 로그인 화면에서 'Next' 를 자동으로 클릭했습니다.
2026-07-28 14:56:22 [INFO] ticket_sync.crawler: 로그인 화면에서 'Next' 를 자동으로 클릭했습니다.
2026-07-28 14:56:24 [INFO] ticket_sync.crawler: 로그인 화면에서 'Next' 를 자동으로 클릭했습니다.
2026-07-28 14:56:25 [INFO] ticket_sync.crawler: 로그인 화면에서 'Next' 를 자동으로 클릭했습니다.
2026-07-28 14:56:27 [INFO] ticket_sync.crawler: 로그인 화면에서 'Next' 를 자동으로 클릭했습니다.
2026-07-28 14:56:29 [INFO] ticket_sync.crawler: 로그인 화면에서 'Next' 를 자동으로 클릭했습니다.
2026-07-28 14:56:30 [INFO] ticket_sync.crawler: 로그인 화면에서 'Next' 를 자동으로 클릭했습니다.
2026-07-28 14:56:32 [INFO] ticket_sync.crawler: 로그인 화면에서 'Next' 를 자동으로 클릭했습니다.
2026-07-28 14:56:34 [INFO] ticket_sync.crawler: 로그인 화면에서 'Next' 를 자동으로 클릭했습니다.
2026-07-28 14:56:35 [INFO] ticket_sync.crawler: 로그인 화면에서 'Next' 를 자동으로 클릭했습니다.
2026-07-28 14:56:37 [INFO] ticket_sync.crawler: 로그인 화면에서 'Next' 를 자동으로 클릭했습니다.
2026-07-28 14:56:39 [INFO] ticket_sync.crawler: 로그인 화면에서 'Next' 를 자동으로 클릭했습니다.
2026-07-28 14:56:40 [INFO] ticket_sync.crawler: 로그인 화면에서 'Next' 를 자동으로 클릭했습니다.
2026-07-28 14:56:42 [INFO] ticket_sync.crawler: 로그인 화면에서 'Next' 를 자동으로 클릭했습니다.
2026-07-28 14:56:44 [INFO] ticket_sync.crawler: 로그인 화면에서 'Next' 를 자동으로 클릭했습니다.
2026-07-28 14:56:45 [INFO] ticket_sync.crawler: 로그인 화면에서 'Next' 를 자동으로 클릭했습니다.
2026-07-28 14:56:47 [INFO] ticket_sync.crawler: 로그인 화면에서 'Next' 를 자동으로 클릭했습니다.
2026-07-28 14:56:49 [INFO] ticket_sync.crawler: 로그인 화면에서 'Next' 를 자동으로 클릭했습니다.
2026-07-28 14:56:50 [INFO] ticket_sync.crawler: 로그인 화면에서 'Next' 를 자동으로 클릭했습니다.
2026-07-28 14:56:52 [INFO] ticket_sync.crawler: 로그인 화면에서 'Next' 를 자동으로 클릭했습니다.
2026-07-28 14:56:53 [INFO] ticket_sync.crawler: 로그인 화면에서 'Next' 를 자동으로 클릭했습니다.
2026-07-28 14:56:55 [INFO] ticket_sync.crawler: 로그인 화면에서 'Next' 를 자동으로 클릭했습니다.
2026-07-28 14:56:57 [INFO] ticket_sync.crawler: 로그인 화면에서 'Next' 를 자동으로 클릭했습니다.
2026-07-28 14:56:58 [INFO] ticket_sync.crawler: 로그인 화면에서 'Next' 를 자동으로 클릭했습니다.
2026-07-28 14:57:00 [INFO] ticket_sync.crawler: 로그인 화면에서 'Next' 를 자동으로 클릭했습니다.
2026-07-28 14:57:02 [INFO] ticket_sync.crawler: 로그인 화면에서 'Next' 를 자동으로 클릭했습니다.
2026-07-28 14:57:03 [INFO] ticket_sync.crawler: 로그인 화면에서 'Next' 를 자동으로 클릭했습니다.
2026-07-28 14:57:05 [INFO] ticket_sync.crawler: 로그인 화면에서 'Next' 를 자동으로 클릭했습니다.
2026-07-28 14:57:07 [INFO] ticket_sync.crawler: 로그인 화면에서 'Next' 를 자동으로 클릭했습니다.
2026-07-28 14:57:08 [INFO] ticket_sync.crawler: 로그인 화면에서 'Next' 를 자동으로 클릭했습니다.
2026-07-28 14:57:10 [INFO] ticket_sync.crawler: 로그인 화면에서 'Next' 를 자동으로 클릭했습니다.
2026-07-28 14:57:12 [INFO] ticket_sync.crawler: 로그인 화면에서 'Next' 를 자동으로 클릭했습니다.
2026-07-28 14:57:13 [INFO] ticket_sync.crawler: 로그인 화면에서 'Next' 를 자동으로 클릭했습니다.
2026-07-28 14:57:15 [INFO] ticket_sync.crawler: 로그인 화면에서 'Next' 를 자동으로 클릭했습니다.
2026-07-28 14:57:17 [INFO] ticket_sync.crawler: 로그인 화면에서 'Next' 를 자동으로 클릭했습니다.
2026-07-28 14:57:18 [INFO] ticket_sync.crawler: 로그인 화면에서 'Next' 를 자동으로 클릭했습니다.
2026-07-28 14:57:20 [INFO] ticket_sync.crawler: 로그인 화면에서 'Next' 를 자동으로 클릭했습니다.
2026-07-28 14:57:22 [INFO] ticket_sync.crawler: 로그인 화면에서 'Next' 를 자동으로 클릭했습니다.
2026-07-28 14:57:23 [INFO] ticket_sync.crawler: 로그인 화면에서 'Next' 를 자동으로 클릭했습니다.
2026-07-28 14:57:25 [INFO] ticket_sync.crawler: 로그인 화면에서 'Next' 를 자동으로 클릭했습니다.
2026-07-28 14:57:27 [INFO] ticket_sync.crawler: 로그인 화면에서 'Next' 를 자동으로 클릭했습니다.
2026-07-28 14:57:28 [INFO] ticket_sync.crawler: 로그인 화면에서 'Next' 를 자동으로 클릭했습니다.
2026-07-28 14:57:30 [INFO] ticket_sync.crawler: 로그인 화면에서 'Next' 를 자동으로 클릭했습니다.
2026-07-28 14:57:31 [INFO] ticket_sync.crawler: 로그인 화면에서 'Next' 를 자동으로 클릭했습니다.
2026-07-28 14:57:33 [INFO] ticket_sync.crawler: 로그인 화면에서 'Next' 를 자동으로 클릭했습니다.
2026-07-28 14:57:35 [INFO] ticket_sync.crawler: 로그인 화면에서 'Next' 를 자동으로 클릭했습니다.
2026-07-28 14:57:36 [INFO] ticket_sync.crawler: 로그인 화면에서 'Next' 를 자동으로 클릭했습니다.
2026-07-28 14:57:38 [INFO] ticket_sync.crawler: 로그인 화면에서 'Next' 를 자동으로 클릭했습니다.
2026-07-28 14:57:40 [INFO] ticket_sync.crawler: 로그인 화면에서 'Next' 를 자동으로 클릭했습니다.
2026-07-28 14:57:41 [INFO] ticket_sync.crawler: 로그인 화면에서 'Next' 를 자동으로 클릭했습니다.
2026-07-28 14:57:43 [INFO] ticket_sync.crawler: 로그인 화면에서 'Next' 를 자동으로 클릭했습니다.
2026-07-28 14:57:45 [INFO] ticket_sync.crawler: 로그인 화면에서 'Next' 를 자동으로 클릭했습니다.
2026-07-28 14:57:46 [INFO] ticket_sync.crawler: 로그인 화면에서 'Next' 를 자동으로 클릭했습니다.
2026-07-28 14:57:48 [INFO] ticket_sync.crawler: 로그인 화면에서 'Next' 를 자동으로 클릭했습니다.
2026-07-28 14:57:50 [INFO] ticket_sync.crawler: 로그인 화면에서 'Next' 를 자동으로 클릭했습니다.
2026-07-28 14:57:51 [INFO] ticket_sync.crawler: 로그인 화면에서 'Next' 를 자동으로 클릭했습니다.
2026-07-28 14:57:53 [INFO] ticket_sync.crawler: 로그인 화면에서 'Next' 를 자동으로 클릭했습니다.
2026-07-28 14:57:54 [INFO] ticket_sync.crawler: 로그인 화면에서 'Next' 를 자동으로 클릭했습니다.
2026-07-28 14:57:56 [INFO] ticket_sync.crawler: 로그인 화면에서 'Next' 를 자동으로 클릭했습니다.
2026-07-28 14:57:58 [INFO] ticket_sync.crawler: 로그인 화면에서 'Next' 를 자동으로 클릭했습니다.
2026-07-28 14:57:59 [INFO] ticket_sync.crawler: 로그인 화면에서 'Next' 를 자동으로 클릭했습니다.
2026-07-28 14:58:01 [INFO] ticket_sync.crawler: 로그인 화면에서 'Next' 를 자동으로 클릭했습니다.
2026-07-28 14:58:03 [INFO] ticket_sync.crawler: 로그인 화면에서 'Next' 를 자동으로 클릭했습니다.
2026-07-28 14:58:04 [INFO] ticket_sync.crawler: 로그인 화면에서 'Next' 를 자동으로 클릭했습니다.
2026-07-28 14:58:06 [INFO] ticket_sync.crawler: 로그인 화면에서 'Next' 를 자동으로 클릭했습니다.
2026-07-28 14:58:08 [INFO] ticket_sync.crawler: 로그인 화면에서 'Next' 를 자동으로 클릭했습니다.
2026-07-28 14:58:09 [INFO] ticket_sync.crawler: 로그인 화면에서 'Next' 를 자동으로 클릭했습니다.
2026-07-28 14:58:11 [INFO] ticket_sync.crawler: 로그인 화면에서 'Next' 를 자동으로 클릭했습니다.
2026-07-28 14:58:13 [INFO] ticket_sync.crawler: 로그인 화면에서 'Next' 를 자동으로 클릭했습니다.
2026-07-28 14:58:14 [INFO] ticket_sync.crawler: 로그인 화면에서 'Next' 를 자동으로 클릭했습니다.
2026-07-28 14:58:16 [INFO] ticket_sync.crawler: 로그인 화면에서 'Next' 를 자동으로 클릭했습니다.
2026-07-28 14:58:16 [ERROR] ticket_sync.main: 로그인 세션이 만료되어 수집을 진행할 수 없습니다
Traceback (most recent call last):
  File "/app/main.py", line 233, in run_sync
    all_tickets, crawl_warnings = crawler.collect_tickets(
                                  ^^^^^^^^^^^^^^^^^^^^^^^^
  File "/app/crawler.py", line 1136, in collect_tickets
    ensure_logged_in(page, config)
  File "/app/crawler.py", line 273, in ensure_logged_in
    raise SessionExpiredError(
crawler.SessionExpiredError: 제한 시간 내에 로그인이 완료되지 않았습니다. 프로그램을 다시 실행해 로그인을 완료해주세요.
2026-07-28 14:58:16 [INFO] ticket_sync.notify: 알림 채널이 설정되지 않아 알림을 건너뜁니다 (내용: Engage Center 로그인 세션이 만료되어 자동 동기화가 중단됐습니다.
로컬 PC에서 다시 로그인한 뒤(python main.py) data/browser_profile 을 K8s 볼륨에 다시 복사해주세요.
오류 상세: 제한 시간 내에 로그인이 완료되지 않았습니다. 프로그램을 다시 실행해 로그인을 완료해주세요.)
2026-07-28 15:05:04 [INFO] ticket_sync.local_runner: 로컬 실행 에이전트: 동기화 시작 {'freshdesk_env': 'test', 'do_freshdesk': False, 'mode': 'today', 'start_date': None, 'end_date': None, 'date_basis': 'created', 'case_status': 'open', 'owner': 'web-ui'}
2026-07-28 15:05:12 [INFO] ticket_sync.crawler: 로그인 화면에서 '다음' 를 자동으로 클릭했습니다.
2026-07-28 15:05:14 [INFO] ticket_sync.crawler: 로그인 화면에서 '다음' 를 자동으로 클릭했습니다.
2026-07-28 15:05:16 [INFO] ticket_sync.crawler: 로그인 화면에서 '다음' 를 자동으로 클릭했습니다.
2026-07-28 15:05:16 [WARNING] ticket_sync.crawler: 로그인 세션이 없거나 만료된 것으로 보입니다. 계정 선택/로그인 상태 유지 확인처럼 비밀번호 없이 넘어갈 수 있는 화면은 자동으로 눌러드리며, 비밀번호나 MFA가 필요하면 브라우저 창에서 직접 완료해주세요. 최대 300초 대기합니다.
2026-07-28 15:05:16 [INFO] ticket_sync.crawler: 로그인 화면에서 '다음' 를 자동으로 클릭했습니다.
2026-07-28 15:05:18 [INFO] ticket_sync.crawler: 로그인 화면에서 '다음' 를 자동으로 클릭했습니다.
2026-07-28 15:05:20 [INFO] ticket_sync.crawler: 로그인 화면에서 '다음' 를 자동으로 클릭했습니다.
2026-07-28 15:05:21 [INFO] ticket_sync.crawler: 로그인 화면에서 '다음' 를 자동으로 클릭했습니다.
2026-07-28 15:05:23 [INFO] ticket_sync.crawler: 로그인 화면에서 '다음' 를 자동으로 클릭했습니다.
2026-07-28 15:05:25 [INFO] ticket_sync.crawler: 로그인 화면에서 '다음' 를 자동으로 클릭했습니다.
2026-07-28 15:05:26 [INFO] ticket_sync.crawler: 로그인 화면에서 '다음' 를 자동으로 클릭했습니다.
2026-07-28 15:05:28 [INFO] ticket_sync.crawler: 로그인 화면에서 '다음' 를 자동으로 클릭했습니다.
2026-07-28 15:05:30 [INFO] ticket_sync.crawler: 로그인 화면에서 '다음' 를 자동으로 클릭했습니다.
2026-07-28 15:05:31 [INFO] ticket_sync.crawler: 로그인 화면에서 '다음' 를 자동으로 클릭했습니다.
2026-07-28 15:05:33 [INFO] ticket_sync.crawler: 로그인 화면에서 '다음' 를 자동으로 클릭했습니다.
2026-07-28 15:05:35 [INFO] ticket_sync.crawler: 로그인 화면에서 '다음' 를 자동으로 클릭했습니다.
2026-07-28 15:05:36 [INFO] ticket_sync.crawler: 로그인 화면에서 '다음' 를 자동으로 클릭했습니다.
2026-07-28 15:05:38 [INFO] ticket_sync.crawler: 로그인 화면에서 '다음' 를 자동으로 클릭했습니다.
2026-07-28 15:05:40 [INFO] ticket_sync.crawler: 로그인 화면에서 '다음' 를 자동으로 클릭했습니다.
2026-07-28 15:05:42 [INFO] ticket_sync.crawler: 로그인 화면에서 '다음' 를 자동으로 클릭했습니다.
2026-07-28 15:05:43 [INFO] ticket_sync.crawler: 로그인 화면에서 '다음' 를 자동으로 클릭했습니다.
2026-07-28 15:05:45 [INFO] ticket_sync.crawler: 로그인 화면에서 '다음' 를 자동으로 클릭했습니다.
2026-07-28 15:05:47 [INFO] ticket_sync.crawler: 로그인 화면에서 '다음' 를 자동으로 클릭했습니다.
2026-07-28 15:05:48 [INFO] ticket_sync.crawler: 로그인 화면에서 '다음' 를 자동으로 클릭했습니다.
2026-07-28 15:05:50 [INFO] ticket_sync.crawler: 로그인 화면에서 '다음' 를 자동으로 클릭했습니다.
2026-07-28 15:05:52 [INFO] ticket_sync.crawler: 로그인 화면에서 '다음' 를 자동으로 클릭했습니다.
2026-07-28 15:05:53 [INFO] ticket_sync.crawler: 로그인 화면에서 '다음' 를 자동으로 클릭했습니다.
2026-07-28 15:05:55 [INFO] ticket_sync.crawler: 로그인 화면에서 '다음' 를 자동으로 클릭했습니다.
2026-07-28 15:05:57 [INFO] ticket_sync.crawler: 로그인 화면에서 '다음' 를 자동으로 클릭했습니다.
2026-07-28 15:05:58 [INFO] ticket_sync.crawler: 로그인 화면에서 '다음' 를 자동으로 클릭했습니다.
2026-07-28 15:06:00 [INFO] ticket_sync.crawler: 로그인 화면에서 '다음' 를 자동으로 클릭했습니다.
2026-07-28 15:06:02 [INFO] ticket_sync.crawler: 로그인 화면에서 '다음' 를 자동으로 클릭했습니다.
2026-07-28 15:06:03 [INFO] ticket_sync.crawler: 로그인 화면에서 '다음' 를 자동으로 클릭했습니다.
2026-07-28 15:06:05 [INFO] ticket_sync.crawler: 로그인 화면에서 '다음' 를 자동으로 클릭했습니다.
2026-07-28 15:06:07 [INFO] ticket_sync.crawler: 로그인 화면에서 '다음' 를 자동으로 클릭했습니다.
2026-07-28 15:06:08 [INFO] ticket_sync.crawler: 로그인 화면에서 '다음' 를 자동으로 클릭했습니다.
2026-07-28 15:06:10 [INFO] ticket_sync.crawler: 로그인 화면에서 '다음' 를 자동으로 클릭했습니다.
2026-07-28 15:06:12 [INFO] ticket_sync.crawler: 로그인 화면에서 '다음' 를 자동으로 클릭했습니다.
2026-07-28 15:06:13 [INFO] ticket_sync.crawler: 로그인 화면에서 '다음' 를 자동으로 클릭했습니다.
2026-07-28 15:06:15 [INFO] ticket_sync.crawler: 로그인 화면에서 '다음' 를 자동으로 클릭했습니다.
2026-07-28 15:06:17 [INFO] ticket_sync.crawler: 로그인 화면에서 '다음' 를 자동으로 클릭했습니다.
2026-07-28 15:06:18 [INFO] ticket_sync.crawler: 로그인 화면에서 '다음' 를 자동으로 클릭했습니다.
2026-07-28 15:06:20 [INFO] ticket_sync.crawler: 로그인 화면에서 '다음' 를 자동으로 클릭했습니다.
2026-07-28 15:06:22 [INFO] ticket_sync.crawler: 로그인 화면에서 '다음' 를 자동으로 클릭했습니다.
2026-07-28 15:06:23 [INFO] ticket_sync.crawler: 로그인 화면에서 '다음' 를 자동으로 클릭했습니다.
2026-07-28 15:06:25 [INFO] ticket_sync.crawler: 로그인 화면에서 '다음' 를 자동으로 클릭했습니다.
2026-07-28 15:06:27 [INFO] ticket_sync.crawler: 로그인 화면에서 '다음' 를 자동으로 클릭했습니다.
2026-07-28 15:06:28 [INFO] ticket_sync.crawler: 로그인 화면에서 '다음' 를 자동으로 클릭했습니다.
2026-07-28 15:06:30 [INFO] ticket_sync.crawler: 로그인 화면에서 '다음' 를 자동으로 클릭했습니다.
2026-07-28 15:06:32 [INFO] ticket_sync.crawler: 로그인 화면에서 '다음' 를 자동으로 클릭했습니다.
2026-07-28 15:06:33 [INFO] ticket_sync.crawler: 로그인 화면에서 '다음' 를 자동으로 클릭했습니다.
2026-07-28 15:06:35 [INFO] ticket_sync.crawler: 로그인 화면에서 '다음' 를 자동으로 클릭했습니다.
2026-07-28 15:06:37 [INFO] ticket_sync.crawler: 로그인 화면에서 '다음' 를 자동으로 클릭했습니다.
2026-07-28 15:06:38 [INFO] ticket_sync.crawler: 로그인 화면에서 '다음' 를 자동으로 클릭했습니다.
2026-07-28 15:06:40 [INFO] ticket_sync.crawler: 로그인 화면에서 '다음' 를 자동으로 클릭했습니다.
2026-07-28 15:06:42 [INFO] ticket_sync.crawler: 로그인 화면에서 '다음' 를 자동으로 클릭했습니다.
2026-07-28 15:06:43 [INFO] ticket_sync.crawler: 로그인 화면에서 '다음' 를 자동으로 클릭했습니다.
2026-07-28 15:06:45 [INFO] ticket_sync.crawler: 로그인 화면에서 '다음' 를 자동으로 클릭했습니다.
2026-07-28 15:06:47 [INFO] ticket_sync.crawler: 로그인 화면에서 '다음' 를 자동으로 클릭했습니다.
2026-07-28 15:06:48 [INFO] ticket_sync.crawler: 로그인 화면에서 '다음' 를 자동으로 클릭했습니다.
2026-07-28 15:06:50 [INFO] ticket_sync.crawler: 로그인 화면에서 '다음' 를 자동으로 클릭했습니다.
2026-07-28 15:06:52 [INFO] ticket_sync.crawler: 로그인 화면에서 '다음' 를 자동으로 클릭했습니다.
2026-07-28 15:06:53 [INFO] ticket_sync.crawler: 로그인 화면에서 '다음' 를 자동으로 클릭했습니다.
2026-07-28 15:06:55 [INFO] ticket_sync.crawler: 로그인 화면에서 '다음' 를 자동으로 클릭했습니다.
2026-07-28 15:06:57 [INFO] ticket_sync.crawler: 로그인 화면에서 '다음' 를 자동으로 클릭했습니다.
2026-07-28 15:06:58 [INFO] ticket_sync.crawler: 로그인 화면에서 '다음' 를 자동으로 클릭했습니다.
2026-07-28 15:07:00 [INFO] ticket_sync.crawler: 로그인 화면에서 '다음' 를 자동으로 클릭했습니다.
2026-07-28 17:18:13 [INFO] ticket_sync.local_runner: 로컬 실행 에이전트: 동기화 시작 {'freshdesk_env': 'prod', 'do_freshdesk': True, 'mode': 'today', 'start_date': None, 'end_date': None, 'date_basis': 'created', 'case_status': 'open', 'owner': 'web-ui'}
2026-07-28 17:18:13 [WARNING] ticket_sync.sync_lock: 오래된 잠금 파일(7989초 경과, owner=web-ui)을 정리하고 다시 시도합니다.
2026-07-28 17:18:16 [INFO] ticket_sync.crawler: 로그인 화면에서 '다음' 를 자동으로 클릭했습니다.
2026-07-28 17:18:17 [INFO] ticket_sync.crawler: 로그인 화면에서 '다음' 를 자동으로 클릭했습니다.
2026-07-28 17:18:19 [INFO] ticket_sync.crawler: 로그인 화면에서 '다음' 를 자동으로 클릭했습니다.
2026-07-28 17:18:21 [INFO] ticket_sync.crawler: 로그인 화면에서 '다음' 를 자동으로 클릭했습니다.
2026-07-28 17:18:22 [INFO] ticket_sync.crawler: 로그인 화면에서 '다음' 를 자동으로 클릭했습니다.
2026-07-28 17:18:23 [WARNING] ticket_sync.crawler: 로그인 세션이 없거나 만료된 것으로 보입니다. 계정 선택/로그인 상태 유지 확인처럼 비밀번호 없이 넘어갈 수 있는 화면은 자동으로 눌러드리며, 비밀번호나 MFA가 필요하면 브라우저 창에서 직접 완료해주세요. 최대 300초 대기합니다.
2026-07-28 17:18:23 [INFO] ticket_sync.crawler: 로그인 화면에서 '다음' 를 자동으로 클릭했습니다.
2026-07-28 17:18:26 [INFO] ticket_sync.crawler: 로그인 화면에서 '다음' 를 자동으로 클릭했습니다.
2026-07-28 17:18:30 [INFO] ticket_sync.crawler: 로그인 화면에서 '다음' 를 자동으로 클릭했습니다.
2026-07-28 17:18:33 [INFO] ticket_sync.crawler: 로그인 화면에서 '다음' 를 자동으로 클릭했습니다.
2026-07-28 17:18:35 [INFO] ticket_sync.crawler: 로그인 화면에서 '다음' 를 자동으로 클릭했습니다.
2026-07-28 17:18:38 [INFO] ticket_sync.crawler: 로그인 화면에서 '다음' 를 자동으로 클릭했습니다.
2026-07-28 17:18:40 [INFO] ticket_sync.crawler: 로그인 화면에서 '로그인' 를 자동으로 클릭했습니다.
2026-07-28 17:18:42 [INFO] ticket_sync.crawler: 로그인 화면에서 'yr.choi@kt.com' 를 자동으로 클릭했습니다.
2026-07-28 17:18:44 [INFO] ticket_sync.crawler: 로그인 화면에서 'yr.choi@kt.com' 를 자동으로 클릭했습니다.
2026-07-28 17:18:45 [INFO] ticket_sync.crawler: 로그인 화면에서 'yr.choi@kt.com' 를 자동으로 클릭했습니다.
2026-07-28 17:18:47 [INFO] ticket_sync.crawler: 로그인 화면에서 'yr.choi@kt.com' 를 자동으로 클릭했습니다.
2026-07-28 17:18:49 [INFO] ticket_sync.crawler: 로그인 화면에서 'yr.choi@kt.com' 를 자동으로 클릭했습니다.
2026-07-28 17:18:50 [INFO] ticket_sync.crawler: 로그인 화면에서 'yr.choi@kt.com' 를 자동으로 클릭했습니다.
2026-07-28 17:18:53 [ERROR] ticket_sync.main: 티켓 수집 중 오류가 발생했습니다
Traceback (most recent call last):
  File "C:\Users\youre\Downloads\ticket_sync\main.py", line 233, in run_sync
    all_tickets, crawl_warnings = crawler.collect_tickets(
                                  ^^^^^^^^^^^^^^^^^^^^^^^^
  File "C:\Users\youre\Downloads\ticket_sync\crawler.py", line 1136, in collect_tickets
    ensure_logged_in(page, config)
  File "C:\Users\youre\Downloads\ticket_sync\crawler.py", line 272, in ensure_logged_in
    if not _wait_for_login_marker(page, config, marker_text, timeout_ms=login_timeout_s * 1000):
           ^^^^^^^^^^^^^^^^^^^^^^^^^^^^^^^^^^^^^^^^^^^^^^^^^^^^^^^^^^^^^^^^^^^^^^^^^^^^^^^^^^^^
  File "C:\Users\youre\Downloads\ticket_sync\crawler.py", line 248, in _wait_for_login_marker
    page.wait_for_timeout(300)
  File "C:\Users\youre\Downloads\ticket_sync\.venv\Lib\site-packages\playwright\sync_api\_generated.py", line 12529, in wait_for_timeout
    self._sync(
  File "C:\Users\youre\Downloads\ticket_sync\.venv\Lib\site-packages\playwright\_impl\_sync_base.py", line 115, in _sync
    return task.result()
           ^^^^^^^^^^^^^
  File "C:\Users\youre\Downloads\ticket_sync\.venv\Lib\site-packages\playwright\_impl\_page.py", line 1135, in wait_for_timeout
    await self._main_frame.wait_for_timeout(timeout)
  File "C:\Users\youre\Downloads\ticket_sync\.venv\Lib\site-packages\playwright\_impl\_frame.py", line 916, in wait_for_timeout
    await self._channel.send("waitForTimeout", None, {"waitTimeout": timeout})
  File "C:\Users\youre\Downloads\ticket_sync\.venv\Lib\site-packages\playwright\_impl\_connection.py", line 69, in send
    return await self._connection.wrap_api_call(
           ^^^^^^^^^^^^^^^^^^^^^^^^^^^^^^^^^^^^^
  File "C:\Users\youre\Downloads\ticket_sync\.venv\Lib\site-packages\playwright\_impl\_connection.py", line 563, in wrap_api_call
    raise rewrite_error(error, f"{parsed_st['apiName']}: {error}") from None
playwright._impl._errors.TargetClosedError: Page.wait_for_timeout: Target page, context or browser has been closed
2026-07-28 17:19:04 [INFO] ticket_sync.local_runner: 로컬 실행 에이전트: 동기화 시작 {'freshdesk_env': 'prod', 'do_freshdesk': True, 'mode': 'today', 'start_date': None, 'end_date': None, 'date_basis': 'created', 'case_status': 'open', 'owner': 'web-ui'}
2026-07-28 17:19:07 [INFO] ticket_sync.crawler: 로그인 화면에서 '다음' 를 자동으로 클릭했습니다.
2026-07-28 17:19:09 [INFO] ticket_sync.crawler: 로그인 화면에서 '다음' 를 자동으로 클릭했습니다.
2026-07-28 17:19:10 [INFO] ticket_sync.crawler: 로그인 화면에서 '로그인' 를 자동으로 클릭했습니다.
2026-07-28 17:19:13 [INFO] ticket_sync.crawler: 로그인 화면에서 '로그인' 를 자동으로 클릭했습니다.
2026-07-28 17:19:14 [WARNING] ticket_sync.crawler: 로그인 세션이 없거나 만료된 것으로 보입니다. 계정 선택/로그인 상태 유지 확인처럼 비밀번호 없이 넘어갈 수 있는 화면은 자동으로 눌러드리며, 비밀번호나 MFA가 필요하면 브라우저 창에서 직접 완료해주세요. 최대 300초 대기합니다.
2026-07-28 17:19:14 [INFO] ticket_sync.crawler: 로그인 화면에서 'yr.choi@kt.com' 를 자동으로 클릭했습니다.
2026-07-28 17:19:16 [INFO] ticket_sync.crawler: 로그인 화면에서 'yr.choi@kt.com' 를 자동으로 클릭했습니다.
2026-07-28 17:19:17 [INFO] ticket_sync.crawler: 로그인 화면에서 'yr.choi@kt.com' 를 자동으로 클릭했습니다.
2026-07-28 17:19:19 [INFO] ticket_sync.crawler: 로그인 화면에서 'yr.choi@kt.com' 를 자동으로 클릭했습니다.
2026-07-28 17:19:20 [INFO] ticket_sync.crawler: 로그인 화면에서 'yr.choi@kt.com' 를 자동으로 클릭했습니다.
2026-07-28 17:19:22 [INFO] ticket_sync.crawler: 로그인 화면에서 'yr.choi@kt.com' 를 자동으로 클릭했습니다.
2026-07-28 17:19:30 [INFO] ticket_sync.crawler: 로그인 화면에서 'yr.choi@kt.com' 를 자동으로 클릭했습니다.
2026-07-28 17:19:31 [INFO] ticket_sync.crawler: 수동 로그인 완료 확인됨. 세션이 저장되어 다음 실행부터는 재사용됩니다.
2026-07-28 17:19:48 [INFO] ticket_sync.crawler: 상태 필터 적용: case_status=open (완료됨 체크=False)
2026-07-28 17:19:49 [INFO] ticket_sync.crawler: 케이스 목록 CSV 다운로드 완료: C:\Users\youre\Downloads\ticket_sync\data\downloads\SupportCases.csv
2026-07-28 17:19:49 [INFO] ticket_sync.crawler: CSV에서 총 73건 파싱됨 (날짜 필터 전, status=open)
2026-07-28 17:19:49 [INFO] ticket_sync.crawler: 날짜 필터(created_at 기준) 적용 후 6건 (상세 보강 대상, status=open)
2026-07-28 17:20:24 [INFO] ticket_sync.crawler: 커뮤니케이션 '더 로드' 0회 클릭함(전체 수집).
2026-07-28 17:20:24 [INFO] ticket_sync.crawler: 커뮤니케이션 원본 행 2개 확인됨.
2026-07-28 17:20:36 [INFO] ticket_sync.crawler: 커뮤니케이션 1/2 수집 완료 (source=supportmail@techsupport.microsoft.com, updated=2026. 7. 28. 오후 02:50, 길이=1173자)
2026-07-28 17:20:49 [INFO] ticket_sync.crawler: 커뮤니케이션 2/2 수집 완료 (source=supportmail@techsupport.microsoft.com, updated=2026. 7. 28. 오후 03:37, 길이=3357자)
2026-07-28 17:21:09 [INFO] ticket_sync.crawler: 상세 보강 진행 1/6 완료 (case=2607280030002572)
2026-07-28 17:21:49 [INFO] ticket_sync.crawler: 커뮤니케이션 '더 로드' 0회 클릭함(전체 수집).
2026-07-28 17:21:49 [INFO] ticket_sync.crawler: 커뮤니케이션 원본 행 2개 확인됨.
2026-07-28 17:22:01 [INFO] ticket_sync.crawler: 커뮤니케이션 1/2 수집 완료 (source=supportmail@techsupport.microsoft.com, updated=2026. 7. 28. 오후 02:24, 길이=1200자)
2026-07-28 17:22:13 [INFO] ticket_sync.crawler: 커뮤니케이션 2/2 수집 완료 (source=supportmail@techsupport.microsoft.com, updated=2026. 7. 28. 오후 03:28, 길이=1371자)
2026-07-28 17:22:19 [INFO] ticket_sync.crawler: 상세 보강 진행 2/6 완료 (case=2607280030002289)
2026-07-28 17:22:53 [INFO] ticket_sync.crawler: 커뮤니케이션 '더 로드' 0회 클릭함(전체 수집).
2026-07-28 17:22:53 [INFO] ticket_sync.crawler: 커뮤니케이션 원본 행 2개 확인됨.
2026-07-28 17:23:05 [INFO] ticket_sync.crawler: 커뮤니케이션 1/2 수집 완료 (source=supportmail@techsupport.microsoft.com, updated=2026. 7. 28. 오후 01:58, 길이=1212자)
2026-07-28 17:23:17 [INFO] ticket_sync.crawler: 커뮤니케이션 2/2 수집 완료 (source=supportmail@techsupport.microsoft.com, updated=2026. 7. 28. 오후 04:19, 길이=1103자)
2026-07-28 17:23:22 [INFO] ticket_sync.crawler: 상세 보강 진행 3/6 완료 (case=2607280030002044)
2026-07-28 17:24:09 [INFO] ticket_sync.crawler: 커뮤니케이션 '더 로드' 1회 클릭함(전체 수집).
2026-07-28 17:24:09 [INFO] ticket_sync.crawler: 커뮤니케이션 원본 행 6개 확인됨.
2026-07-28 17:24:21 [INFO] ticket_sync.crawler: 커뮤니케이션 1/6 수집 완료 (source=supportmail@techsupport.microsoft.com, updated=2026. 7. 28. 오전 11:09, 길이=1174자)
2026-07-28 17:24:34 [INFO] ticket_sync.crawler: 커뮤니케이션 2/6 수집 완료 (source=supportmail@techsupport.microsoft.com, updated=2026. 7. 28. 오전 11:58, 길이=3785자)
2026-07-28 17:24:46 [INFO] ticket_sync.crawler: 커뮤니케이션 3/6 수집 완료 (source=jonghyun.hong@kt.com, updated=2026. 7. 28. 오후 01:09, 길이=4608자)
2026-07-28 17:24:58 [INFO] ticket_sync.crawler: 커뮤니케이션 4/6 수집 완료 (source=sohyunpark@microsoft.com, updated=2026. 7. 28. 오후 01:55, 길이=779자)
2026-07-28 17:25:11 [INFO] ticket_sync.crawler: 커뮤니케이션 5/6 수집 완료 (source=sohyunpark@microsoft.com, updated=2026. 7. 28. 오후 02:55, 길이=3349자)
2026-07-28 17:25:23 [INFO] ticket_sync.crawler: 커뮤니케이션 6/6 수집 완료 (source=yonghahwang@microsoft.com, updated=2026. 7. 28. 오후 03:08, 길이=4211자)
2026-07-28 17:25:27 [INFO] ticket_sync.crawler: 상세 보강 진행 4/6 완료 (case=2607280030000733)
2026-07-28 17:26:09 [INFO] ticket_sync.crawler: 커뮤니케이션 '더 로드' 1회 클릭함(전체 수집).
2026-07-28 17:26:09 [INFO] ticket_sync.crawler: 커뮤니케이션 원본 행 5개 확인됨.
2026-07-28 17:26:21 [INFO] ticket_sync.crawler: 커뮤니케이션 1/5 수집 완료 (source=supportmail@techsupport.microsoft.com, updated=2026. 7. 28. 오전 09:34, 길이=1213자)
2026-07-28 17:26:34 [INFO] ticket_sync.crawler: 커뮤니케이션 2/5 수집 완료 (source=supportmail@techsupport.microsoft.com, updated=2026. 7. 28. 오전 10:26, 길이=1976자)
2026-07-28 17:26:46 [INFO] ticket_sync.crawler: 커뮤니케이션 3/5 수집 완료 (source=han_nim.lee@kt.com, updated=2026. 7. 28. 오후 01:26, 길이=4356자)
2026-07-28 17:26:58 [INFO] ticket_sync.crawler: 커뮤니케이션 4/5 수집 완료 (source=loganyang@microsoft.com, updated=2026. 7. 28. 오후 02:49, 길이=1569자)
2026-07-28 17:27:10 [INFO] ticket_sync.crawler: 커뮤니케이션 5/5 수집 완료 (source=han_nim.lee@kt.com, updated=2026. 7. 28. 오후 04:45, 길이=3091자)
2026-07-28 17:27:16 [INFO] ticket_sync.crawler: 상세 보강 진행 5/6 완료 (case=2607280030000143)
2026-07-28 17:27:46 [WARNING] ticket_sync.crawler: 상세 보강 중 오류: Target page, context or browser has been closed
Traceback (most recent call last):
  File "C:\Users\youre\Downloads\ticket_sync\crawler.py", line 1103, in _collect_for_single_status
    filtered[i - 1] = enrich_ticket_from_detail_page(page, t, config, do_freshdesk)
                      ^^^^^^^^^^^^^^^^^^^^^^^^^^^^^^^^^^^^^^^^^^^^^^^^^^^^^^^^^^^^^
  File "C:\Users\youre\Downloads\ticket_sync\crawler.py", line 990, in enrich_ticket_from_detail_page
    page.wait_for_load_state("networkidle", timeout=timeout_ms)
  File "C:\Users\youre\Downloads\ticket_sync\.venv\Lib\site-packages\playwright\sync_api\_generated.py", line 9875, in wait_for_load_state
    self._sync(
  File "C:\Users\youre\Downloads\ticket_sync\.venv\Lib\site-packages\playwright\_impl\_sync_base.py", line 115, in _sync
    return task.result()
           ^^^^^^^^^^^^^
  File "C:\Users\youre\Downloads\ticket_sync\.venv\Lib\site-packages\playwright\_impl\_page.py", line 580, in wait_for_load_state
    return await self._main_frame.wait_for_load_state(**locals_to_params(locals()))
           ^^^^^^^^^^^^^^^^^^^^^^^^^^^^^^^^^^^^^^^^^^^^^^^^^^^^^^^^^^^^^^^^^^^^^^^^
  File "C:\Users\youre\Downloads\ticket_sync\.venv\Lib\site-packages\playwright\_impl\_frame.py", line 298, in wait_for_load_state
    return await self._wait_for_load_state_impl(state, timeout)
           ^^^^^^^^^^^^^^^^^^^^^^^^^^^^^^^^^^^^^^^^^^^^^^^^^^^^
  File "C:\Users\youre\Downloads\ticket_sync\.venv\Lib\site-packages\playwright\_impl\_frame.py", line 326, in _wait_for_load_state_impl
    await waiter.result()
playwright._impl._errors.Error: Target page, context or browser has been closed
2026-07-28 17:27:46 [ERROR] ticket_sync.freshdesk: Freshdesk 요청 중 네트워크 오류: 티켓이 이미 생성됐을 가능성이 있어 재시도하지 않고 실패로 처리합니다. 다음 동기화 실행 시 재시도됩니다. (HTTPSConnectionPool(host='cloud-helpdesk.freshdesk.com', port=443): Max retries exceeded with url: /api/v2/tickets (Caused by SSLError(SSLCertVerificationError(1, '[SSL: CERTIFICATE_VERIFY_FAILED] certificate verify failed: self-signed certificate in certificate chain (_ssl.c:1010)'))))
2026-07-28 17:27:47 [ERROR] ticket_sync.freshdesk: Freshdesk 요청 중 네트워크 오류: 티켓이 이미 생성됐을 가능성이 있어 재시도하지 않고 실패로 처리합니다. 다음 동기화 실행 시 재시도됩니다. (HTTPSConnectionPool(host='cloud-helpdesk.freshdesk.com', port=443): Max retries exceeded with url: /api/v2/tickets (Caused by SSLError(SSLCertVerificationError(1, '[SSL: CERTIFICATE_VERIFY_FAILED] certificate verify failed: self-signed certificate in certificate chain (_ssl.c:1010)'))))
2026-07-28 17:27:47 [ERROR] ticket_sync.freshdesk: Freshdesk 요청 중 네트워크 오류: 티켓이 이미 생성됐을 가능성이 있어 재시도하지 않고 실패로 처리합니다. 다음 동기화 실행 시 재시도됩니다. (HTTPSConnectionPool(host='cloud-helpdesk.freshdesk.com', port=443): Max retries exceeded with url: /api/v2/tickets (Caused by SSLError(SSLCertVerificationError(1, '[SSL: CERTIFICATE_VERIFY_FAILED] certificate verify failed: self-signed certificate in certificate chain (_ssl.c:1010)'))))
